Python 3.9.1 (tags/v3.9.1:1e5d33e, Dec  7 2020, 17:08:21) [MSC v.1927 64 bit (AMD64)] on win32
Type "help", "copyright", "credits" or "license()" for more information.
>>> "KARAR İFADELERİ"
'KARAR İFADELERİ'
>>> if "Eğer"
SyntaxError: invalid syntax
>>> "Bir mantıksal işlem sonucunda çalıştırmak istediğimiz kodları yazarız."
'Bir mantıksal işlem sonucunda çalıştırmak istediğimiz kodları yazarız.'
>>> 
>>> hava_durumu = "Yağmur"
>>> if hava_durumu == "Yağmur":
	print("şemsiyen al")
	print("Sakın unutma, ıslanırsın")

	
şemsiyen al
Sakın unutma, ıslanırsın
>>> if hava_durumu == "Güneşli":
	print("gözlüğünü al")

	
>>> 